// Jest Snapshot v1, https://jestjs.io/docs/snapshot-testing

exports[`lib > Counter renders without crashing 1`] = `
<DocumentFragment>
  <div>
    <h2>
      Counter
    </h2>
    <button
      type="button"
    >
      Increment by one
    </button>
    <div>
      Total value: 
      <strong>
        6
      </strong>
    </div>
  </div>
</DocumentFragment>
`;
