// Jest Snapshot v1, https://jestjs.io/docs/snapshot-testing

exports[`lib > Counter > useLogic renders 1`] = `
{
  "count": 0,
  "incrementCount": [Function],
}
`;
